
> dating-app@0.1.0 build
> next build

Ôû▓ Next.js 16.1.3 (Turbopack)
- Environments: .env.local

node.exe : ÔÜá The 
"middleware" file 
convention is 
deprecated. Please use 
"proxy" instead. Learn 
more: https://nextjs.or
g/docs/messages/middlew
are-to-proxy
At C:\nvm4w\nodejs\npm.
ps1:29 char:3
+   & $NODE_EXE 
$NPM_CLI_JS $args
+   ~~~~~~~~~~~~~~~~~~~
~~~~~~~~~~
    + CategoryInfo     
         : NotSpecifi  
  ed: (ÔÜá The "midd   
 le...leware-to-pro    
xy:String) [], Rem    
oteException
    + FullyQualifiedEr 
   rorId : NativeComm  
  andError
 
  Creating an optimized production build ...
Ô£ô Compiled successfully in 43s
  Running TypeScript ...
Failed to compile.

./app/discovery/page.ts
x:250:29
Type error: Argument 
of type '(prev: { 
count: number; limit: 
number; remaining: 
number; limitReached: 
boolean; isPremium: 
boolean; } | null) => 
{ count: number | 
undefined; remaining: 
number | undefined; 
limitReached: boolean; 
limit: number; 
isPremium: boolean; } 
| null' is not 
assignable to 
parameter of type 
'SetStateAction<{ 
count: number; limit: 
number; remaining: 
number; limitReached: 
boolean; isPremium: 
boolean; } | null>'.
  Type '(prev: { 
count: number; limit: 
number; remaining: 
number; limitReached: 
boolean; isPremium: 
boolean; } | null) => 
{ count: number | 
undefined; remaining: 
number | undefined; 
limitReached: boolean; 
limit: number; 
isPremium: boolean; } 
| null' is not 
assignable to type 
'(prevState: { count: 
number; limit: number; 
remaining: number; 
limitReached: boolean; 
isPremium: boolean; } 
| null) => { count: 
number; limit: number; 
remaining: number; 
limitReached: boolean; 
isPremium: boolean; } 
| null'.
    Type '{ count: 
number | undefined; 
remaining: number | 
undefined; 
limitReached: boolean; 
limit: number; 
isPremium: boolean; } 
| null' is not 
assignable to type '{ 
count: number; limit: 
number; remaining: 
number; limitReached: 
boolean; isPremium: 
boolean; } | null'.
      Type '{ count: 
number | undefined; 
remaining: number | 
undefined; 
limitReached: boolean; 
limit: number; 
isPremium: boolean; }' 
is not assignable to 
type '{ count: number; 
limit: number; 
remaining: number; 
limitReached: boolean; 
isPremium: boolean; }'.
        Types of 
property 'count' are 
incompatible.
          Type 'number 
| undefined' is not 
assignable to type 
'number'.
            Type 
'undefined' is not 
assignable to type 
'number'.

[0m [90m 248 |[39m  
         
[36mconst[39m 
swipeResult 
[33m=[39m 
[36mawait[39m 
logSwipeMutation({ 
clerkId[33m:[39m curr
entUser[33m.[39mid 
})[33m;[39m
 [90m 249 |[39m      
     [36mif[39m (swip
eResult[33m.[39msucce
ss) {
[31m[1m>[22m[39m[9
0m 250 |[39m          
    
setLimitStatus(prev 
[33m=>[39m prev 
[33m?[39m { 
 [90m     |[39m      
                       
[31m[1m^[22m[39m
 [90m 251 |[39m      
           [33m...[39
mprev[33m,[39m 
 [90m 252 |[39m      
           
count[33m:[39m swipeR
esult[33m.[39mcount[
33m,[39m 
 [90m 253 |[39m      
           
remaining[33m:[39m sw
ipeResult[33m.[39mrem
aining[33m,[39m[0m
Next.js build worker 
exited with code: 1 
and signal: null
